// Jest Snapshot v1, https://goo.gl/fbAQLP

exports[`Snapshot 1`] = `
{
  "Parameters": {
    "BootstrapVersion": {
      "Default": "/cdk-bootstrap/hnb659fds/version",
      "Description": "Version of the CDK Bootstrap resources in this environment, automatically retrieved from SSM Parameter Store. [cdk:skip]",
      "Type": "AWS::SSM::Parameter::Value<String>",
    },
  },
  "Resources": {
    "AlertTestTeam2Function6D2517FA": {
      "DependsOn": [
        "AlertTestTeam2FunctionRoleDefaultPolicyB0881FC0",
        "AlertTestTeam2FunctionRole5878891F",
      ],
      "Metadata": {
        "cdk_nag": {
          "rules_to_suppress": [
            {
              "applies_to": [
                "Resource::*",
              ],
              "id": "AwsSolutions-IAM5",
              "reason": "This wildcard might be necessary",
            },
          ],
        },
      },
      "Properties": {
        "Code": {
          "S3Bucket": {
            "Fn::Sub": "cdk-hnb659fds-assets-\${AWS::AccountId}-\${AWS::Region}",
          },
          "S3Key": "885b84f7ae833fa0f1d3182815e20823125e6eb603d4e5e763f9621dcf1b4045.zip",
        },
        "Environment": {
          "Variables": {
            "AWS_NODEJS_CONNECTION_REUSE_ENABLED": "1",
            "ENVIRONMENT_NAME": "Test",
            "SCHEDULE_URL": "https://websites.mygameday.app/team_info.cgi?c=0-2854-0-633233-27116561&a=SFIX",
            "SNS_ADMIN_TOPIC_ARN": {
              "Ref": "TestTeam2AdminAlertsF70221A9",
            },
            "SNS_TOPIC_ARN": {
              "Ref": "TestTeam2Alerts2BE53530",
            },
            "TEAM_NAME": "Test Team 2",
            "TZ": "Pacific/Auckland",
          },
        },
        "Handler": "index.handler",
        "Role": {
          "Fn::GetAtt": [
            "AlertTestTeam2FunctionRole5878891F",
            "Arn",
          ],
        },
        "Runtime": "nodejs20.x",
        "Timeout": 5,
        "TracingConfig": {
          "Mode": "Active",
        },
      },
      "Type": "AWS::Lambda::Function",
    },
    "AlertTestTeam2FunctionRole5878891F": {
      "Metadata": {
        "cdk_nag": {
          "rules_to_suppress": [
            {
              "applies_to": [
                "Resource::*",
              ],
              "id": "AwsSolutions-IAM5",
              "reason": "This wildcard might be necessary",
            },
          ],
        },
      },
      "Properties": {
        "AssumeRolePolicyDocument": {
          "Statement": [
            {
              "Action": "sts:AssumeRole",
              "Effect": "Allow",
              "Principal": {
                "Service": "lambda.amazonaws.com",
              },
            },
          ],
          "Version": "2012-10-17",
        },
      },
      "Type": "AWS::IAM::Role",
    },
    "AlertTestTeam2FunctionRoleDefaultPolicyB0881FC0": {
      "Metadata": {
        "cdk_nag": {
          "rules_to_suppress": [
            {
              "applies_to": [
                "Resource::*",
              ],
              "id": "AwsSolutions-IAM5",
              "reason": "This wildcard might be necessary",
            },
          ],
        },
      },
      "Properties": {
        "PolicyDocument": {
          "Statement": [
            {
              "Action": [
                "xray:PutTraceSegments",
                "xray:PutTelemetryRecords",
              ],
              "Effect": "Allow",
              "Resource": "*",
            },
            {
              "Action": "sns:Publish",
              "Effect": "Allow",
              "Resource": {
                "Ref": "TestTeam2Alerts2BE53530",
              },
            },
            {
              "Action": "sns:Publish",
              "Effect": "Allow",
              "Resource": {
                "Ref": "TestTeam2AdminAlertsF70221A9",
              },
            },
          ],
          "Version": "2012-10-17",
        },
        "PolicyName": "AlertTestTeam2FunctionRoleDefaultPolicyB0881FC0",
        "Roles": [
          {
            "Ref": "AlertTestTeam2FunctionRole5878891F",
          },
        ],
      },
      "Type": "AWS::IAM::Policy",
    },
    "AlertTestTeam2PolicyFF85498B": {
      "Metadata": {
        "cdk_nag": {
          "rules_to_suppress": [
            {
              "applies_to": [
                "Resource::*",
              ],
              "id": "AwsSolutions-IAM5",
              "reason": "This wildcard might be necessary",
            },
            {
              "applies_to": [
                {
                  "regex": "/^Resource::arn:aws:logs:(.*)\\*$/g",
                },
              ],
              "id": "AwsSolutions-IAM5",
              "reason": "This wildcard might be necessary",
            },
          ],
        },
      },
      "Properties": {
        "PolicyDocument": {
          "Statement": [
            {
              "Action": [
                "logs:CreateLogGroup",
                "logs:CreateLogStream",
                "logs:PutLogEvents",
              ],
              "Effect": "Allow",
              "Resource": {
                "Fn::Join": [
                  "",
                  [
                    "arn:aws:logs:",
                    {
                      "Ref": "AWS::Region",
                    },
                    ":",
                    {
                      "Ref": "AWS::AccountId",
                    },
                    ":log-group:/aws/lambda/",
                    {
                      "Ref": "AlertTestTeam2Function6D2517FA",
                    },
                    ":*",
                  ],
                ],
              },
            },
          ],
          "Version": "2012-10-17",
        },
        "PolicyName": "AlertTestTeam2PolicyFF85498B",
        "Roles": [
          {
            "Ref": "AlertTestTeam2FunctionRole5878891F",
          },
        ],
      },
      "Type": "AWS::IAM::Policy",
    },
    "AlertTestTeamFunction3257EF79": {
      "DependsOn": [
        "AlertTestTeamFunctionRoleDefaultPolicy29B1D809",
        "AlertTestTeamFunctionRoleFACF071A",
      ],
      "Metadata": {
        "cdk_nag": {
          "rules_to_suppress": [
            {
              "applies_to": [
                "Resource::*",
              ],
              "id": "AwsSolutions-IAM5",
              "reason": "This wildcard might be necessary",
            },
          ],
        },
      },
      "Properties": {
        "Code": {
          "S3Bucket": {
            "Fn::Sub": "cdk-hnb659fds-assets-\${AWS::AccountId}-\${AWS::Region}",
          },
          "S3Key": "885b84f7ae833fa0f1d3182815e20823125e6eb603d4e5e763f9621dcf1b4045.zip",
        },
        "Environment": {
          "Variables": {
            "AWS_NODEJS_CONNECTION_REUSE_ENABLED": "1",
            "ENVIRONMENT_NAME": "Test",
            "SCHEDULE_URL": "https://websites.mygameday.app/team_info.cgi?c=0-2854-0-633233-27116561&a=SFIX",
            "SNS_ADMIN_TOPIC_ARN": {
              "Ref": "TestTeamAdminAlerts79526D60",
            },
            "SNS_TOPIC_ARN": {
              "Ref": "TestTeamAlerts58363266",
            },
            "TEAM_NAME": "Test Team",
            "TZ": "Pacific/Auckland",
          },
        },
        "Handler": "index.handler",
        "Role": {
          "Fn::GetAtt": [
            "AlertTestTeamFunctionRoleFACF071A",
            "Arn",
          ],
        },
        "Runtime": "nodejs20.x",
        "Timeout": 5,
        "TracingConfig": {
          "Mode": "Active",
        },
      },
      "Type": "AWS::Lambda::Function",
    },
    "AlertTestTeamFunctionRoleDefaultPolicy29B1D809": {
      "Metadata": {
        "cdk_nag": {
          "rules_to_suppress": [
            {
              "applies_to": [
                "Resource::*",
              ],
              "id": "AwsSolutions-IAM5",
              "reason": "This wildcard might be necessary",
            },
          ],
        },
      },
      "Properties": {
        "PolicyDocument": {
          "Statement": [
            {
              "Action": [
                "xray:PutTraceSegments",
                "xray:PutTelemetryRecords",
              ],
              "Effect": "Allow",
              "Resource": "*",
            },
            {
              "Action": "sns:Publish",
              "Effect": "Allow",
              "Resource": {
                "Ref": "TestTeamAlerts58363266",
              },
            },
            {
              "Action": "sns:Publish",
              "Effect": "Allow",
              "Resource": {
                "Ref": "TestTeamAdminAlerts79526D60",
              },
            },
          ],
          "Version": "2012-10-17",
        },
        "PolicyName": "AlertTestTeamFunctionRoleDefaultPolicy29B1D809",
        "Roles": [
          {
            "Ref": "AlertTestTeamFunctionRoleFACF071A",
          },
        ],
      },
      "Type": "AWS::IAM::Policy",
    },
    "AlertTestTeamFunctionRoleFACF071A": {
      "Metadata": {
        "cdk_nag": {
          "rules_to_suppress": [
            {
              "applies_to": [
                "Resource::*",
              ],
              "id": "AwsSolutions-IAM5",
              "reason": "This wildcard might be necessary",
            },
          ],
        },
      },
      "Properties": {
        "AssumeRolePolicyDocument": {
          "Statement": [
            {
              "Action": "sts:AssumeRole",
              "Effect": "Allow",
              "Principal": {
                "Service": "lambda.amazonaws.com",
              },
            },
          ],
          "Version": "2012-10-17",
        },
      },
      "Type": "AWS::IAM::Role",
    },
    "AlertTestTeamPolicy847AC8B8": {
      "Metadata": {
        "cdk_nag": {
          "rules_to_suppress": [
            {
              "applies_to": [
                "Resource::*",
              ],
              "id": "AwsSolutions-IAM5",
              "reason": "This wildcard might be necessary",
            },
            {
              "applies_to": [
                {
                  "regex": "/^Resource::arn:aws:logs:(.*)\\*$/g",
                },
              ],
              "id": "AwsSolutions-IAM5",
              "reason": "This wildcard might be necessary",
            },
          ],
        },
      },
      "Properties": {
        "PolicyDocument": {
          "Statement": [
            {
              "Action": [
                "logs:CreateLogGroup",
                "logs:CreateLogStream",
                "logs:PutLogEvents",
              ],
              "Effect": "Allow",
              "Resource": {
                "Fn::Join": [
                  "",
                  [
                    "arn:aws:logs:",
                    {
                      "Ref": "AWS::Region",
                    },
                    ":",
                    {
                      "Ref": "AWS::AccountId",
                    },
                    ":log-group:/aws/lambda/",
                    {
                      "Ref": "AlertTestTeamFunction3257EF79",
                    },
                    ":*",
                  ],
                ],
              },
            },
          ],
          "Version": "2012-10-17",
        },
        "PolicyName": "AlertTestTeamPolicy847AC8B8",
        "Roles": [
          {
            "Ref": "AlertTestTeamFunctionRoleFACF071A",
          },
        ],
      },
      "Type": "AWS::IAM::Policy",
    },
    "TestTeam2AdminAlertsF70221A9": {
      "Properties": {
        "KmsMasterKeyId": {
          "Fn::Join": [
            "",
            [
              "arn:",
              {
                "Ref": "AWS::Partition",
              },
              ":kms:",
              {
                "Ref": "AWS::Region",
              },
              ":",
              {
                "Ref": "AWS::AccountId",
              },
              ":alias/aws/sns",
            ],
          ],
        },
      },
      "Type": "AWS::SNS::Topic",
    },
    "TestTeam2Alerts2BE53530": {
      "Properties": {
        "KmsMasterKeyId": {
          "Fn::Join": [
            "",
            [
              "arn:",
              {
                "Ref": "AWS::Partition",
              },
              ":kms:",
              {
                "Ref": "AWS::Region",
              },
              ":",
              {
                "Ref": "AWS::AccountId",
              },
              ":alias/aws/sns",
            ],
          ],
        },
      },
      "Type": "AWS::SNS::Topic",
    },
    "TestTeam2Alerts362D23E2E": {
      "Properties": {
        "Endpoint": "+3",
        "Protocol": "sms",
        "TopicArn": {
          "Ref": "TestTeam2Alerts2BE53530",
        },
      },
      "Type": "AWS::SNS::Subscription",
    },
    "TestTeam2Alerts4320BD087": {
      "Properties": {
        "Endpoint": "+4",
        "Protocol": "sms",
        "TopicArn": {
          "Ref": "TestTeam2Alerts2BE53530",
        },
      },
      "Type": "AWS::SNS::Subscription",
    },
    "TestTeam2RuleAllowEventRuletestAlertTestTeam2Function3AFE01234D49C8F2": {
      "Properties": {
        "Action": "lambda:InvokeFunction",
        "FunctionName": {
          "Fn::GetAtt": [
            "AlertTestTeam2Function6D2517FA",
            "Arn",
          ],
        },
        "Principal": "events.amazonaws.com",
        "SourceArn": {
          "Fn::GetAtt": [
            "TestTeam2RuleB81240E8",
            "Arn",
          ],
        },
      },
      "Type": "AWS::Lambda::Permission",
    },
    "TestTeam2RuleB81240E8": {
      "Properties": {
        "ScheduleExpression": "cron(30 8 ? * SUN *)",
        "State": "ENABLED",
        "Targets": [
          {
            "Arn": {
              "Fn::GetAtt": [
                "AlertTestTeam2Function6D2517FA",
                "Arn",
              ],
            },
            "Id": "Target0",
          },
        ],
      },
      "Type": "AWS::Events::Rule",
    },
    "TestTeamAdminAlerts19F41B9A1": {
      "Properties": {
        "Endpoint": "+1",
        "Protocol": "sms",
        "TopicArn": {
          "Ref": "TestTeamAdminAlerts79526D60",
        },
      },
      "Type": "AWS::SNS::Subscription",
    },
    "TestTeamAdminAlerts79526D60": {
      "Properties": {
        "KmsMasterKeyId": {
          "Fn::Join": [
            "",
            [
              "arn:",
              {
                "Ref": "AWS::Partition",
              },
              ":kms:",
              {
                "Ref": "AWS::Region",
              },
              ":",
              {
                "Ref": "AWS::AccountId",
              },
              ":alias/aws/sns",
            ],
          ],
        },
      },
      "Type": "AWS::SNS::Topic",
    },
    "TestTeamAlerts17FF09393": {
      "Properties": {
        "Endpoint": "+1",
        "Protocol": "sms",
        "TopicArn": {
          "Ref": "TestTeamAlerts58363266",
        },
      },
      "Type": "AWS::SNS::Subscription",
    },
    "TestTeamAlerts2E7EDE869": {
      "Properties": {
        "Endpoint": "+2",
        "Protocol": "sms",
        "TopicArn": {
          "Ref": "TestTeamAlerts58363266",
        },
      },
      "Type": "AWS::SNS::Subscription",
    },
    "TestTeamAlerts58363266": {
      "Properties": {
        "KmsMasterKeyId": {
          "Fn::Join": [
            "",
            [
              "arn:",
              {
                "Ref": "AWS::Partition",
              },
              ":kms:",
              {
                "Ref": "AWS::Region",
              },
              ":",
              {
                "Ref": "AWS::AccountId",
              },
              ":alias/aws/sns",
            ],
          ],
        },
      },
      "Type": "AWS::SNS::Topic",
    },
    "TestTeamRule8F21550D": {
      "Properties": {
        "ScheduleExpression": "cron(30 8 ? * SUN *)",
        "State": "ENABLED",
        "Targets": [
          {
            "Arn": {
              "Fn::GetAtt": [
                "AlertTestTeamFunction3257EF79",
                "Arn",
              ],
            },
            "Id": "Target0",
          },
        ],
      },
      "Type": "AWS::Events::Rule",
    },
    "TestTeamRuleAllowEventRuletestAlertTestTeamFunction959B320A6E3ED324": {
      "Properties": {
        "Action": "lambda:InvokeFunction",
        "FunctionName": {
          "Fn::GetAtt": [
            "AlertTestTeamFunction3257EF79",
            "Arn",
          ],
        },
        "Principal": "events.amazonaws.com",
        "SourceArn": {
          "Fn::GetAtt": [
            "TestTeamRule8F21550D",
            "Arn",
          ],
        },
      },
      "Type": "AWS::Lambda::Permission",
    },
  },
  "Rules": {
    "CheckBootstrapVersion": {
      "Assertions": [
        {
          "Assert": {
            "Fn::Not": [
              {
                "Fn::Contains": [
                  [
                    "1",
                    "2",
                    "3",
                    "4",
                    "5",
                  ],
                  {
                    "Ref": "BootstrapVersion",
                  },
                ],
              },
            ],
          },
          "AssertDescription": "CDK bootstrap stack version 6 required. Please run 'cdk bootstrap' with a recent version of the CDK CLI.",
        },
      ],
    },
  },
}
`;
