// Jest Snapshot v1, https://goo.gl/fbAQLP

exports[`Snapshot 1`] = `
{
  "Parameters": {
    "BootstrapVersion": {
      "Default": "/cdk-bootstrap/hnb659fds/version",
      "Description": "Version of the CDK Bootstrap resources in this environment, automatically retrieved from SSM Parameter Store. [cdk:skip]",
      "Type": "AWS::SSM::Parameter::Value<String>",
    },
  },
  "Resources": {
    "AlertTestTeam2Function6D2517FA": {
      "DependsOn": [
        "AlertTestTeam2FunctionServiceRoleDefaultPolicyF77B6850",
        "AlertTestTeam2FunctionServiceRoleEA0E27EA",
      ],
      "Properties": {
        "Code": {
          "S3Bucket": {
            "Fn::Sub": "cdk-hnb659fds-assets-\${AWS::AccountId}-\${AWS::Region}",
          },
          "S3Key": "92bc77498ebaf10aef21e5a285682ab7bae1eed978a063d49f5fea134dfa2609.zip",
        },
        "Environment": {
          "Variables": {
            "AWS_NODEJS_CONNECTION_REUSE_ENABLED": "1",
            "SCHEDULE_URL": "https://websites.mygameday.app/team_info.cgi?c=0-2854-0-633233-27116561&a=SFIX",
            "SNS_TOPIC_ARN": {
              "Ref": "TestTeam2Alerts2BE53530",
            },
            "TZ": "Pacific/Auckland",
          },
        },
        "Handler": "index.handler",
        "Role": {
          "Fn::GetAtt": [
            "AlertTestTeam2FunctionServiceRoleEA0E27EA",
            "Arn",
          ],
        },
        "Runtime": "nodejs18.x",
        "Timeout": 5,
        "TracingConfig": {
          "Mode": "Active",
        },
      },
      "Type": "AWS::Lambda::Function",
    },
    "AlertTestTeam2FunctionServiceRoleDefaultPolicyF77B6850": {
      "Properties": {
        "PolicyDocument": {
          "Statement": [
            {
              "Action": [
                "xray:PutTraceSegments",
                "xray:PutTelemetryRecords",
              ],
              "Effect": "Allow",
              "Resource": "*",
            },
            {
              "Action": "sns:Publish",
              "Effect": "Allow",
              "Resource": {
                "Ref": "TestTeam2Alerts2BE53530",
              },
            },
          ],
          "Version": "2012-10-17",
        },
        "PolicyName": "AlertTestTeam2FunctionServiceRoleDefaultPolicyF77B6850",
        "Roles": [
          {
            "Ref": "AlertTestTeam2FunctionServiceRoleEA0E27EA",
          },
        ],
      },
      "Type": "AWS::IAM::Policy",
    },
    "AlertTestTeam2FunctionServiceRoleEA0E27EA": {
      "Properties": {
        "AssumeRolePolicyDocument": {
          "Statement": [
            {
              "Action": "sts:AssumeRole",
              "Effect": "Allow",
              "Principal": {
                "Service": "lambda.amazonaws.com",
              },
            },
          ],
          "Version": "2012-10-17",
        },
        "ManagedPolicyArns": [
          {
            "Fn::Join": [
              "",
              [
                "arn:",
                {
                  "Ref": "AWS::Partition",
                },
                ":iam::aws:policy/service-role/AWSLambdaBasicExecutionRole",
              ],
            ],
          },
        ],
      },
      "Type": "AWS::IAM::Role",
    },
    "AlertTestTeamFunction3257EF79": {
      "DependsOn": [
        "AlertTestTeamFunctionServiceRoleDefaultPolicy918B5A1B",
        "AlertTestTeamFunctionServiceRole496082A0",
      ],
      "Properties": {
        "Code": {
          "S3Bucket": {
            "Fn::Sub": "cdk-hnb659fds-assets-\${AWS::AccountId}-\${AWS::Region}",
          },
          "S3Key": "92bc77498ebaf10aef21e5a285682ab7bae1eed978a063d49f5fea134dfa2609.zip",
        },
        "Environment": {
          "Variables": {
            "AWS_NODEJS_CONNECTION_REUSE_ENABLED": "1",
            "SCHEDULE_URL": "https://websites.mygameday.app/team_info.cgi?c=0-2854-0-633233-27116561&a=SFIX",
            "SNS_TOPIC_ARN": {
              "Ref": "TestTeamAlerts58363266",
            },
            "TZ": "Pacific/Auckland",
          },
        },
        "Handler": "index.handler",
        "Role": {
          "Fn::GetAtt": [
            "AlertTestTeamFunctionServiceRole496082A0",
            "Arn",
          ],
        },
        "Runtime": "nodejs18.x",
        "Timeout": 5,
        "TracingConfig": {
          "Mode": "Active",
        },
      },
      "Type": "AWS::Lambda::Function",
    },
    "AlertTestTeamFunctionServiceRole496082A0": {
      "Properties": {
        "AssumeRolePolicyDocument": {
          "Statement": [
            {
              "Action": "sts:AssumeRole",
              "Effect": "Allow",
              "Principal": {
                "Service": "lambda.amazonaws.com",
              },
            },
          ],
          "Version": "2012-10-17",
        },
        "ManagedPolicyArns": [
          {
            "Fn::Join": [
              "",
              [
                "arn:",
                {
                  "Ref": "AWS::Partition",
                },
                ":iam::aws:policy/service-role/AWSLambdaBasicExecutionRole",
              ],
            ],
          },
        ],
      },
      "Type": "AWS::IAM::Role",
    },
    "AlertTestTeamFunctionServiceRoleDefaultPolicy918B5A1B": {
      "Properties": {
        "PolicyDocument": {
          "Statement": [
            {
              "Action": [
                "xray:PutTraceSegments",
                "xray:PutTelemetryRecords",
              ],
              "Effect": "Allow",
              "Resource": "*",
            },
            {
              "Action": "sns:Publish",
              "Effect": "Allow",
              "Resource": {
                "Ref": "TestTeamAlerts58363266",
              },
            },
          ],
          "Version": "2012-10-17",
        },
        "PolicyName": "AlertTestTeamFunctionServiceRoleDefaultPolicy918B5A1B",
        "Roles": [
          {
            "Ref": "AlertTestTeamFunctionServiceRole496082A0",
          },
        ],
      },
      "Type": "AWS::IAM::Policy",
    },
    "TestTeam2Alerts2BE53530": {
      "Properties": {
        "KmsMasterKeyId": {
          "Fn::Join": [
            "",
            [
              "arn:",
              {
                "Ref": "AWS::Partition",
              },
              ":kms:",
              {
                "Ref": "AWS::Region",
              },
              ":",
              {
                "Ref": "AWS::AccountId",
              },
              ":alias/aws/sns",
            ],
          ],
        },
      },
      "Type": "AWS::SNS::Topic",
    },
    "TestTeam2Alerts362D23E2E": {
      "Properties": {
        "Endpoint": "+3",
        "Protocol": "sms",
        "TopicArn": {
          "Ref": "TestTeam2Alerts2BE53530",
        },
      },
      "Type": "AWS::SNS::Subscription",
    },
    "TestTeam2Alerts4320BD087": {
      "Properties": {
        "Endpoint": "+4",
        "Protocol": "sms",
        "TopicArn": {
          "Ref": "TestTeam2Alerts2BE53530",
        },
      },
      "Type": "AWS::SNS::Subscription",
    },
    "TestTeam2RuleAllowEventRuletestAlertTestTeam2Function3AFE01234D49C8F2": {
      "Properties": {
        "Action": "lambda:InvokeFunction",
        "FunctionName": {
          "Fn::GetAtt": [
            "AlertTestTeam2Function6D2517FA",
            "Arn",
          ],
        },
        "Principal": "events.amazonaws.com",
        "SourceArn": {
          "Fn::GetAtt": [
            "TestTeam2RuleB81240E8",
            "Arn",
          ],
        },
      },
      "Type": "AWS::Lambda::Permission",
    },
    "TestTeam2RuleB81240E8": {
      "Properties": {
        "ScheduleExpression": "cron(30 8 ? * SUN *)",
        "State": "ENABLED",
        "Targets": [
          {
            "Arn": {
              "Fn::GetAtt": [
                "AlertTestTeam2Function6D2517FA",
                "Arn",
              ],
            },
            "Id": "Target0",
          },
        ],
      },
      "Type": "AWS::Events::Rule",
    },
    "TestTeamAlerts17FF09393": {
      "Properties": {
        "Endpoint": "+1",
        "Protocol": "sms",
        "TopicArn": {
          "Ref": "TestTeamAlerts58363266",
        },
      },
      "Type": "AWS::SNS::Subscription",
    },
    "TestTeamAlerts2E7EDE869": {
      "Properties": {
        "Endpoint": "+2",
        "Protocol": "sms",
        "TopicArn": {
          "Ref": "TestTeamAlerts58363266",
        },
      },
      "Type": "AWS::SNS::Subscription",
    },
    "TestTeamAlerts58363266": {
      "Properties": {
        "KmsMasterKeyId": {
          "Fn::Join": [
            "",
            [
              "arn:",
              {
                "Ref": "AWS::Partition",
              },
              ":kms:",
              {
                "Ref": "AWS::Region",
              },
              ":",
              {
                "Ref": "AWS::AccountId",
              },
              ":alias/aws/sns",
            ],
          ],
        },
      },
      "Type": "AWS::SNS::Topic",
    },
    "TestTeamRule8F21550D": {
      "Properties": {
        "ScheduleExpression": "cron(30 8 ? * SUN *)",
        "State": "ENABLED",
        "Targets": [
          {
            "Arn": {
              "Fn::GetAtt": [
                "AlertTestTeamFunction3257EF79",
                "Arn",
              ],
            },
            "Id": "Target0",
          },
        ],
      },
      "Type": "AWS::Events::Rule",
    },
    "TestTeamRuleAllowEventRuletestAlertTestTeamFunction959B320A6E3ED324": {
      "Properties": {
        "Action": "lambda:InvokeFunction",
        "FunctionName": {
          "Fn::GetAtt": [
            "AlertTestTeamFunction3257EF79",
            "Arn",
          ],
        },
        "Principal": "events.amazonaws.com",
        "SourceArn": {
          "Fn::GetAtt": [
            "TestTeamRule8F21550D",
            "Arn",
          ],
        },
      },
      "Type": "AWS::Lambda::Permission",
    },
  },
  "Rules": {
    "CheckBootstrapVersion": {
      "Assertions": [
        {
          "Assert": {
            "Fn::Not": [
              {
                "Fn::Contains": [
                  [
                    "1",
                    "2",
                    "3",
                    "4",
                    "5",
                  ],
                  {
                    "Ref": "BootstrapVersion",
                  },
                ],
              },
            ],
          },
          "AssertDescription": "CDK bootstrap stack version 6 required. Please run 'cdk bootstrap' with a recent version of the CDK CLI.",
        },
      ],
    },
  },
}
`;
